******************************************************************************
                  TI ARM Linker Unix v20.2.5                   
******************************************************************************
>> Linked Wed Feb 15 19:58:30 2023

OUTPUT FILE NAME:   <Blink.out>
ENTRY POINT SYMBOL: "_c_int00"  address: 00015d5c


MEMORY CONFIGURATION

         name            origin    length      used     unused   attr    fill
----------------------  --------  ---------  --------  --------  ----  --------
  VECTORS               00010100   00000020  00000020  00000000     X
  FLASH0                00010120   000efee0  000066b4  000e982c  R  X
  STACKS                08000000   00001500  00000000  00001500  RW  
  RAM                   08001500   0001eb00  00000000  0001eb00  RW  


SEGMENT ALLOCATION MAP

run origin  load origin   length   init length attrs members
----------  ----------- ---------- ----------- ----- -------
00010100    00010100    000066d4   000066d4    r-x
  00010100    00010100    00000020   00000020    r-x .intvecs
  00010120    00010120    000064b4   000064b4    r-x .text
  000165d4    000165d4    00000200   00000200    r-- .const


SECTION ALLOCATION MAP

 output                                  attributes/
section   page    origin      length       input sections
--------  ----  ----------  ----------   ----------------
.intvecs   0    00010100    00000020     
                  00010100    00000020     sys_intvecs.obj (.intvecs)

.text      0    00010120    000064b4     
                  00010120    00002c10     sys_selftest.obj (.text)
                  00012d30    00000af4     system.obj (.text)
                  00013824    00000a54     sys_vim.obj (.text)
                  00014278    000008ac     pinmux.obj (.text)
                  00014b24    00000664     errata_SSWF021_45.obj (.text)
                  00015188    000005bc     esm.obj (.text)
                  00015744    0000034c     sys_core.obj (.text)
                  00015a90    000002cc     sys_vim.obj (.text:retain)
                  00015d5c    00000288     sys_startup.obj (.text:retain)
                  00015fe4    00000168     sys_main.obj (.text)
                  0001614c    00000114     esm.obj (.text:retain)
                  00016260    000000e8     dabort.obj (.text)
                  00016348    000000e0     sys_pmu.obj (.text)
                  00016428    000000b0     het.obj (.text:retain)
                  000164d8    000000ac     notification.obj (.text)
                  00016584    00000044     rtsv7R4_T_be_v3D16_eabi.lib : autoinit.c.obj (.text:__TI_auto_init_nobinit_nopinit:__TI_auto_init_nobinit_nopinit)
                  000165c8    00000004                                 : exit.c.obj (.text:abort:abort)
                  000165cc    00000004     sys_phantom.obj (.text:retain)
                  000165d0    00000004     sys_startup.obj (.text)

.const     0    000165d4    00000200     
                  000165d4    00000200     sys_vim.obj (.const:s_vim_init)

.cinit     0    00010120    00000000     UNINITIALIZED

__llvm_prf_cnts 
*          0    08001500    00000000     UNINITIALIZED

MODULE SUMMARY

       Module                  code    ro data   rw data
       ------                  ----    -------   -------
    ./source/
       sys_selftest.obj        11280   0         0      
       sys_vim.obj             3360    512       0      
       system.obj              2804    0         0      
       pinmux.obj              2220    0         0      
       esm.obj                 1744    0         0      
       errata_SSWF021_45.obj   1636    0         0      
       sys_core.obj            844     0         0      
       sys_startup.obj         652     0         0      
       sys_main.obj            360     0         0      
       dabort.obj              232     0         0      
       sys_pmu.obj             224     0         0      
       het.obj                 176     0         0      
       notification.obj        172     0         0      
       sys_intvecs.obj         32      0         0      
       sys_phantom.obj         4       0         0      
    +--+-----------------------+-------+---------+---------+
       Total:                  25740   512       0      
                                                        
    /opt/ti/ccs1120/ccs/tools/compiler/ti-cgt-arm_20.2.5.LTS/lib/rtsv7R4_T_be_v3D16_eabi.lib
       autoinit.c.obj          68      0         0      
       exit.c.obj              4       0         0      
    +--+-----------------------+-------+---------+---------+
       Total:                  72      0         0      
                                                        
    +--+-----------------------+-------+---------+---------+
       Grand Total:            25812   512       0      


GLOBAL SYMBOLS: SORTED ALPHABETICALLY BY Name 

address   name                                
-------   ----                                
000165c9  C$$EXIT                             
UNDEFED   SHT$$INIT_ARRAY$$Base               
UNDEFED   SHT$$INIT_ARRAY$$Limit              
UNDEFED   __TI_CINIT_Base                     
UNDEFED   __TI_CINIT_Limit                    
UNDEFED   __TI_Handler_Table_Base             
UNDEFED   __TI_Handler_Table_Limit            
00015a88  __TI_PINIT_Base                     
00015a8c  __TI_PINIT_Limit                    
00016585  __TI_auto_init_nobinit_nopinit      
ffffffff  __TI_pprof_out_hndl                 
ffffffff  __TI_prof_data_size                 
ffffffff  __TI_prof_data_start                
00010100  __TI_static_base__                  
ffffffff  __binit__                           
ffffffff  __c_args__                          
08001500  __start___llvm_prf_cnts             
08001500  __stop___llvm_prf_cnts              
00015d5c  _c_int00                            
000159a0  _coreClearAuxiliaryDataFault_       
000159b4  _coreClearAuxiliaryInstructionFault_
00015978  _coreClearDataFaultAddress_         
00015950  _coreClearDataFault_                
0001598c  _coreClearInstructionFaultAddress_  
00015964  _coreClearInstructionFault_         
000158e4  _coreDisableEventBusExport_         
00015928  _coreDisableFlashEcc_               
00015904  _coreDisableRamEcc_                 
000158d4  _coreEnableEventBusExport_          
00015914  _coreEnableFlashEcc_                
00015938  _coreEnableIrqVicOffset_            
000158f4  _coreEnableRamEcc_                  
000158bc  _coreEnableVfp_                     
00015998  _coreGetAuxiliaryDataFault_         
000159ac  _coreGetAuxiliaryInstructionFault_  
00015970  _coreGetDataFaultAddress_           
00015948  _coreGetDataFault_                  
00015984  _coreGetInstructionFaultAddress_    
0001595c  _coreGetInstructionFault_           
00015744  _coreInitRegisters_                 
00015850  _coreInitStackPointer_              
00016260  _dabort                             
000159c8  _disable_FIQ_interrupt_             
000159d0  _disable_IRQ_interrupt_             
000159c0  _disable_interrupt_                 
000159d8  _enable_interrupt_                  
00015a68  _errata_CORTEXR4_57_                
00015a78  _errata_CORTEXR4_66_                
00014b24  _errata_SSWF021_45_both_plls        
00014d18  _errata_SSWF021_45_pll1             
00014e90  _errata_SSWF021_45_pll2             
000159e0  _esmCcmErrorsClear_                 
0001589c  _getCPSRValue_                      
000158a4  _gotoCPUIdle_                       
000163a4  _pmuDisableCountersGlobal_          
00016394  _pmuEnableCountersGlobal_           
00016400  _pmuGetCycleCount_                  
00016408  _pmuGetEventCount_                  
00016414  _pmuGetOverflow_                    
00016348  _pmuInit_                           
000163d4  _pmuResetCounters_                  
000163b4  _pmuResetCycleCounter_              
000163c4  _pmuResetEventCounters_             
000163f4  _pmuSetCountEvent_                  
000163e4  _pmuStartCounters_                  
000163ec  _pmuStopCounters_                   
UNDEFED   _system_post_cinit                  
000165c9  abort                               
0001136c  adc1ParityCheck                     
00011458  adc2ParityCheck                     
ffffffff  binit                               
00011510  can1ParityCheck                     
000115e8  can2ParityCheck                     
000116b0  can3ParityCheck                     
00010130  ccmSelfCheck                        
00012738  ccmr4GetConfigValue                 
00010a38  checkB0RAMECC                       
00010c28  checkB1RAMECC                       
00011d18  checkClockMonitor                   
00010e18  checkFlashECC                       
00011df4  checkFlashEEPROMECC                 
00011f8c  checkPLL1Slip                       
00012094  checkRAMAddrParity                  
00011ad0  checkRAMECC                         
0001219c  checkRAMUERRTest                    
000108bc  checkefcSelfTest                    
00010334  cpuSelfTest                         
00010efc  cpuSelfTestFail                     
00013758  customTrimLPO                       
00010ef4  custom_dabort                       
00012ba8  disableParity                       
00016570  dmaGroupANotification               
00010fac  dmaParityCheck                      
00016548  edgeNotification                    
00010760  efcCheck                            
000126a0  efcGetConfigValue                   
00010894  efcSelfTest                         
000107e8  efcStuckZeroTest                    
00012b20  enableParity                        
000127b4  errata_PBIST_4                      
0001530c  esmActivateNormalOperation          
000153e0  esmClearStatus                      
00015420  esmClearStatusBuffer                
000152d4  esmDisableError                     
00015344  esmDisableInterrupt                 
000152ac  esmEnableError                      
0001531c  esmEnableInterrupt                  
00015518  esmEnterSelfTest                    
00015290  esmError                            
000155f0  esmGetConfigValue                   
0001545c  esmGetStatus                        
000154e0  esmGetStatusBuffer                  
000164d8  esmGroup1Notification               
000164e8  esmGroup2Notification               
0001614c  esmHighInterrupt                    
00015188  esmInit                             
000155a0  esmSelfTestStatus                   
0001543c  esmSetCounterPreloadValue           
0001536c  esmSetInterruptLevel                
000152fc  esmTriggerErrorPinReset             
00012308  fmcBus1ParityCheck                  
0001095c  fmcBus2Check                        
00010998  fmcECCcheck                         
000165d0  handlePLLLockFail                   
00016428  het1HighLevelInterrupt              
00011058  het1ParityCheck                     
000111c0  het2ParityCheck                     
0001655c  hetNotification                     
00011104  htu1ParityCheck                     
000112bc  htu2ParityCheck                     
00016060  main                                
00012e90  mapClocks                           
00010274  memoryInit                          
000164f8  memoryPort0TestFailNotification     
00016514  memoryPort1TestFailNotification     
00011784  mibspi1ParityCheck                  
0001188c  mibspi3ParityCheck                  
000119b0  mibspi5ParityCheck                  
00014278  muxInit                             
0001242c  pbistFail                           
000124ac  pbistGetConfigValue                 
000106a8  pbistIsTestCompleted                
000106d4  pbistIsTestPassed                   
00010708  pbistPortTestStatus                 
000105ac  pbistRun                            
000103cc  pbistSelfCheck                      
00010678  pbistStop                           
00012e3c  periphInit                          
000165cc  phantomInterrupt                    
00014714  pinmuxGetConfigValue                
00016530  pwmNotification                     
00010100  resetEntry                          
00010120  selftestFailNotification            
00015fe4  set_value                           
00012dfc  setupFlash                          
00012d30  setupPLL                            
0001361c  sramGetConfigValue                  
000125f8  stcGetConfigValue                   
000102b8  stcSelfCheck                        
00010ef8  stcSelfCheckFail                    
0001308c  systemGetConfigValue                
00012f90  systemInit                          
0001305c  systemPowerDown                     
00013470  tcmflashGetConfigValue              
00016038  toggle                              
00012d80  trimLPO                             
000138f8  vimChannelMap                       
00013b64  vimDisableInterrupt                 
0001399c  vimEnableInterrupt                  
00013c10  vimGetConfigValue                   
00013824  vimInit                             
00010f00  vimParityCheck                      
00015a90  vimParityErrorHandler               


GLOBAL SYMBOLS: SORTED BY Symbol Address 

address   name                                
-------   ----                                
00010100  __TI_static_base__                  
00010100  resetEntry                          
00010120  selftestFailNotification            
00010130  ccmSelfCheck                        
00010274  memoryInit                          
000102b8  stcSelfCheck                        
00010334  cpuSelfTest                         
000103cc  pbistSelfCheck                      
000105ac  pbistRun                            
00010678  pbistStop                           
000106a8  pbistIsTestCompleted                
000106d4  pbistIsTestPassed                   
00010708  pbistPortTestStatus                 
00010760  efcCheck                            
000107e8  efcStuckZeroTest                    
00010894  efcSelfTest                         
000108bc  checkefcSelfTest                    
0001095c  fmcBus2Check                        
00010998  fmcECCcheck                         
00010a38  checkB0RAMECC                       
00010c28  checkB1RAMECC                       
00010e18  checkFlashECC                       
00010ef4  custom_dabort                       
00010ef8  stcSelfCheckFail                    
00010efc  cpuSelfTestFail                     
00010f00  vimParityCheck                      
00010fac  dmaParityCheck                      
00011058  het1ParityCheck                     
00011104  htu1ParityCheck                     
000111c0  het2ParityCheck                     
000112bc  htu2ParityCheck                     
0001136c  adc1ParityCheck                     
00011458  adc2ParityCheck                     
00011510  can1ParityCheck                     
000115e8  can2ParityCheck                     
000116b0  can3ParityCheck                     
00011784  mibspi1ParityCheck                  
0001188c  mibspi3ParityCheck                  
000119b0  mibspi5ParityCheck                  
00011ad0  checkRAMECC                         
00011d18  checkClockMonitor                   
00011df4  checkFlashEEPROMECC                 
00011f8c  checkPLL1Slip                       
00012094  checkRAMAddrParity                  
0001219c  checkRAMUERRTest                    
00012308  fmcBus1ParityCheck                  
0001242c  pbistFail                           
000124ac  pbistGetConfigValue                 
000125f8  stcGetConfigValue                   
000126a0  efcGetConfigValue                   
00012738  ccmr4GetConfigValue                 
000127b4  errata_PBIST_4                      
00012b20  enableParity                        
00012ba8  disableParity                       
00012d30  setupPLL                            
00012d80  trimLPO                             
00012dfc  setupFlash                          
00012e3c  periphInit                          
00012e90  mapClocks                           
00012f90  systemInit                          
0001305c  systemPowerDown                     
0001308c  systemGetConfigValue                
00013470  tcmflashGetConfigValue              
0001361c  sramGetConfigValue                  
00013758  customTrimLPO                       
00013824  vimInit                             
000138f8  vimChannelMap                       
0001399c  vimEnableInterrupt                  
00013b64  vimDisableInterrupt                 
00013c10  vimGetConfigValue                   
00014278  muxInit                             
00014714  pinmuxGetConfigValue                
00014b24  _errata_SSWF021_45_both_plls        
00014d18  _errata_SSWF021_45_pll1             
00014e90  _errata_SSWF021_45_pll2             
00015188  esmInit                             
00015290  esmError                            
000152ac  esmEnableError                      
000152d4  esmDisableError                     
000152fc  esmTriggerErrorPinReset             
0001530c  esmActivateNormalOperation          
0001531c  esmEnableInterrupt                  
00015344  esmDisableInterrupt                 
0001536c  esmSetInterruptLevel                
000153e0  esmClearStatus                      
00015420  esmClearStatusBuffer                
0001543c  esmSetCounterPreloadValue           
0001545c  esmGetStatus                        
000154e0  esmGetStatusBuffer                  
00015518  esmEnterSelfTest                    
000155a0  esmSelfTestStatus                   
000155f0  esmGetConfigValue                   
00015744  _coreInitRegisters_                 
00015850  _coreInitStackPointer_              
0001589c  _getCPSRValue_                      
000158a4  _gotoCPUIdle_                       
000158bc  _coreEnableVfp_                     
000158d4  _coreEnableEventBusExport_          
000158e4  _coreDisableEventBusExport_         
000158f4  _coreEnableRamEcc_                  
00015904  _coreDisableRamEcc_                 
00015914  _coreEnableFlashEcc_                
00015928  _coreDisableFlashEcc_               
00015938  _coreEnableIrqVicOffset_            
00015948  _coreGetDataFault_                  
00015950  _coreClearDataFault_                
0001595c  _coreGetInstructionFault_           
00015964  _coreClearInstructionFault_         
00015970  _coreGetDataFaultAddress_           
00015978  _coreClearDataFaultAddress_         
00015984  _coreGetInstructionFaultAddress_    
0001598c  _coreClearInstructionFaultAddress_  
00015998  _coreGetAuxiliaryDataFault_         
000159a0  _coreClearAuxiliaryDataFault_       
000159ac  _coreGetAuxiliaryInstructionFault_  
000159b4  _coreClearAuxiliaryInstructionFault_
000159c0  _disable_interrupt_                 
000159c8  _disable_FIQ_interrupt_             
000159d0  _disable_IRQ_interrupt_             
000159d8  _enable_interrupt_                  
000159e0  _esmCcmErrorsClear_                 
00015a68  _errata_CORTEXR4_57_                
00015a78  _errata_CORTEXR4_66_                
00015a88  __TI_PINIT_Base                     
00015a8c  __TI_PINIT_Limit                    
00015a90  vimParityErrorHandler               
00015d5c  _c_int00                            
00015fe4  set_value                           
00016038  toggle                              
00016060  main                                
0001614c  esmHighInterrupt                    
00016260  _dabort                             
00016348  _pmuInit_                           
00016394  _pmuEnableCountersGlobal_           
000163a4  _pmuDisableCountersGlobal_          
000163b4  _pmuResetCycleCounter_              
000163c4  _pmuResetEventCounters_             
000163d4  _pmuResetCounters_                  
000163e4  _pmuStartCounters_                  
000163ec  _pmuStopCounters_                   
000163f4  _pmuSetCountEvent_                  
00016400  _pmuGetCycleCount_                  
00016408  _pmuGetEventCount_                  
00016414  _pmuGetOverflow_                    
00016428  het1HighLevelInterrupt              
000164d8  esmGroup1Notification               
000164e8  esmGroup2Notification               
000164f8  memoryPort0TestFailNotification     
00016514  memoryPort1TestFailNotification     
00016530  pwmNotification                     
00016548  edgeNotification                    
0001655c  hetNotification                     
00016570  dmaGroupANotification               
00016585  __TI_auto_init_nobinit_nopinit      
000165c9  C$$EXIT                             
000165c9  abort                               
000165cc  phantomInterrupt                    
000165d0  handlePLLLockFail                   
08001500  __start___llvm_prf_cnts             
08001500  __stop___llvm_prf_cnts              
ffffffff  __TI_pprof_out_hndl                 
ffffffff  __TI_prof_data_size                 
ffffffff  __TI_prof_data_start                
ffffffff  __binit__                           
ffffffff  __c_args__                          
ffffffff  binit                               
UNDEFED   SHT$$INIT_ARRAY$$Base               
UNDEFED   SHT$$INIT_ARRAY$$Limit              
UNDEFED   __TI_CINIT_Base                     
UNDEFED   __TI_CINIT_Limit                    
UNDEFED   __TI_Handler_Table_Base             
UNDEFED   __TI_Handler_Table_Limit            
UNDEFED   _system_post_cinit                  

[173 symbols]
